

Sat Oct 23 12:49:47 2021
Command line: TestDisk

TestDisk 7.1, Data Recovery Utility, July 2019
Christophe GRENIER <grenier@cgsecurity.org>
https://www.cgsecurity.org
OS: Linux, kernel 5.11.0-38-generic (#42~20.04.1-Ubuntu SMP Tue Sep 28 20:41:07 UTC 2021) x86_64
Compiler: GCC 9.2
ext2fs lib: 1.45.5, ntfs lib: libntfs-3g, reiserfs lib: none, ewf lib: none, curses lib: ncurses 6.1
User is not root!
Hard disk list


TestDisk exited normally.
Using locale 'LC_CTYPE=en_US.UTF-8;LC_NUMERIC=es_BO.UTF-8;LC_TIME=es_BO.UTF-8;LC_COLLATE=en_US.UTF-8;LC_MONETARY=es_BO.UTF-8;LC_MESSAGES=en_US.UTF-8;LC_PAPER=es_BO.UTF-8;LC_NAME=es_BO.UTF-8;LC_ADDRESS=es_BO.UTF-8;LC_TELEPHONE=es_BO.UTF-8;LC_MEASUREMENT=es_BO.UTF-8;LC_IDENTIFICATION=es_BO.UTF-8'.


Sat Oct 23 12:49:47 2021
Command line: TestDisk /debug

TestDisk 7.1, Data Recovery Utility, July 2019
Christophe GRENIER <grenier@cgsecurity.org>
https://www.cgsecurity.org
OS: Linux, kernel 5.11.0-38-generic (#42~20.04.1-Ubuntu SMP Tue Sep 28 20:41:07 UTC 2021) x86_64
Compiler: GCC 9.2
ext2fs lib: 1.45.5, ntfs lib: libntfs-3g, reiserfs lib: none, ewf lib: none, curses lib: ncurses 6.1
/dev/sda: LBA, HPA, LBA48, DCO support
/dev/sda: size       1953525168 sectors
/dev/sda: user_max   1953525168 sectors
/dev/sda: native_max 1953525168 sectors
Warning: can't get size for Disk /dev/mapper/control - 0 B - 0 sectors, sector size=512
Warning: can't get size for Disk /dev/loop14 - 0 B - 0 sectors, sector size=512
Hard disk list
Disk /dev/sda - 1000 GB / 931 GiB - CHS 121601 255 63, sector size=512 - HGST HTS541010A9E680, S/N:JD10Y24B17EKBS, FW:JA0OA560
Disk /dev/loop0 - 226 MB / 216 MiB - 443272 sectors (RO), sector size=512
Disk /dev/loop1 - 226 MB / 216 MiB - 442984 sectors (RO), sector size=512
Disk /dev/loop10 - 176 MB / 168 MiB - 344328 sectors (RO), sector size=512
Disk /dev/loop11 - 33 MB / 32 MiB - 66368 sectors (RO), sector size=512
Disk /dev/loop12 - 53 MB / 50 MiB - 104360 sectors (RO), sector size=512
Disk /dev/loop13 - 34 MB / 32 MiB - 66440 sectors (RO), sector size=512
Disk /dev/loop2 - 4096 B - 8 sectors (RO), sector size=512
Disk /dev/loop3 - 104 MB / 99 MiB - 203656 sectors (RO), sector size=512
Disk /dev/loop4 - 104 MB / 99 MiB - 203648 sectors (RO), sector size=512
Disk /dev/loop5 - 229 MB / 219 MiB - 448512 sectors (RO), sector size=512
Disk /dev/loop6 - 58 MB / 55 MiB - 113536 sectors (RO), sector size=512
Disk /dev/loop7 - 12 MB / 12 MiB - 24880 sectors (RO), sector size=512
Disk /dev/loop8 - 68 MB / 65 MiB - 133552 sectors (RO), sector size=512
Disk /dev/loop9 - 68 MB / 65 MiB - 133320 sectors (RO), sector size=512

Partition table type (auto): Intel
Disk /dev/sda - 1000 GB / 931 GiB - HGST HTS541010A9E680
Partition table type: Intel

Analyse Disk /dev/sda - 1000 GB / 931 GiB - CHS 121601 255 63
Geometry from i386 MBR: head=255 sector=63
NTFS at 13130/199/62
BAD_RS LBA=1802526720 2048
NTFS at 112202/25/16
get_geometry_from_list_part_aux head=8 nbr=1
get_geometry_from_list_part_aux head=16 nbr=1
get_geometry_from_list_part_aux head=32 nbr=1
get_geometry_from_list_part_aux head=64 nbr=1
get_geometry_from_list_part_aux head=128 nbr=1
Current partition structure:
 1 P Linux Swap               0  32 33   248 247 63    3997696
 2 * Linux                  248 248  1 13130 199 61  206946304
 3 P HPFS - NTFS          13130 199 62 112201 247 46 1591578624
 4 E extended LBA         112202  25 14 121601  25 24  150994946
 5 L HPFS - NTFS          112202  25 16 121601  25 24  150994944 [Disco local]

Bad relative sector.

search_part()
Disk /dev/sda - 1000 GB / 931 GiB - CHS 121601 255 63
     Linux Swap               0  32 33   248 247 47    3997680
     SWAP2 version 1, pagesize=4096, 2046 MB / 1951 MiB

recover_EXT2: s_block_group_nr=0/789, s_mnt_count=37/4294967295, s_blocks_per_group=32768, s_inodes_per_group=8192
recover_EXT2: s_blocksize=4096
recover_EXT2: s_blocks_count 25868288
recover_EXT2: part_size 206946304
Filesystem created: Thu Oct  7 10:18:20 2021
Last mount time:    Sat Oct 23 09:07:56 2021
     Linux                  248 248  1 13130 199 61  206946304
     ext4 blocksize=4096 Large_file Sparse_SB Recover, 105 GB / 98 GiB
NTFS at 13130/199/62
filesystem size           1591578624
sectors_per_cluster       8
mft_lcn                   786432
mftmirr_lcn               2
clusters_per_mft_record   -10
clusters_per_index_record 1
     HPFS - NTFS          13130 199 62 112201 247 46 1591578624
     NTFS, blocksize=4096, 814 GB / 758 GiB
BAD_RS LBA=1802526720 2048
BAD_RS LBA=1802526720 2048
NTFS at 112202/25/16
filesystem size           150994944
sectors_per_cluster       8
mft_lcn                   786432
mftmirr_lcn               2
clusters_per_mft_record   -10
clusters_per_index_record 1
     HPFS - NTFS          112202  25 16 121601  25 24  150994944 [Disco local]
     NTFS, blocksize=4096, 77 GB / 72 GiB
get_geometry_from_list_part_aux head=8 nbr=1
get_geometry_from_list_part_aux head=16 nbr=1
get_geometry_from_list_part_aux head=32 nbr=1
get_geometry_from_list_part_aux head=64 nbr=1
get_geometry_from_list_part_aux head=128 nbr=1
Warning: the current number of heads per cylinder is 255 but the correct value may be 128.

Results
   * Linux Swap               0  32 33   248 247 63    3997696
     SWAP2 version 1, pagesize=4096, 2046 MB / 1952 MiB
   P Linux                  248 248  1 13130 199 61  206946304
     ext4 blocksize=4096 Large_file Sparse_SB Recover, 105 GB / 98 GiB
   P HPFS - NTFS          13130 199 62 112201 247 46 1591578624
     NTFS, blocksize=4096, 814 GB / 758 GiB
   L HPFS - NTFS          112202  25 16 121601  25 24  150994944 [Disco local]
     NTFS, blocksize=4096, 77 GB / 72 GiB

Hint for advanced users: dmsetup may be used if you prefer to avoid rewriting the partition table for the moment:
echo "0 3997696 linear /dev/sda 2048" | dmsetup create test0
echo "0 206946304 linear /dev/sda 3999744" | dmsetup create test1
echo "0 1591578624 linear /dev/sda 210946048" | dmsetup create test2
echo "0 150994944 linear /dev/sda 1802526720" | dmsetup create test3
SIGINT detected! TestDisk has been killed.
